// Jest Snapshot v1, https://goo.gl/fbAQLP

exports[`<HeuresRechercheEmploi /> should render 1`] = `
.c13 {
  display: -webkit-inline-box;
  display: -webkit-inline-flex;
  display: -ms-inline-flexbox;
  display: inline-flex;
  -webkit-align-items: center;
  -webkit-box-align: center;
  -ms-flex-align: center;
  align-items: center;
  -webkit-box-pack: center;
  -webkit-justify-content: center;
  -ms-flex-pack: center;
  justify-content: center;
  box-sizing: content-box;
  font-weight: 500;
  font-size: 1.6rem;
  line-height: 1.125em;
  text-align: center;
  vertical-align: middle;
  border: 1px solid;
  border-radius: 0.6rem;
  cursor: pointer;
  -webkit-transition: background-color 250ms linear, border-color 250ms linear,-webkit-transform 100ms linear;
  -webkit-transition: background-color 250ms linear, border-color 250ms linear,transform 100ms linear;
  transition: background-color 250ms linear, border-color 250ms linear,transform 100ms linear;
  -webkit-appearance: none;
  -moz-appearance: none;
  appearance: none;
  height: 5.2rem;
  padding: 0 4.4rem;
  color: #fff;
  background: #f66663;
  border-color: #f66663;
  box-shadow: 0px 10px 20px rgba(246,102,99,0.26),0px 5px 7px rgba(246,102,99,0.35);
  opacity: 1;
}

.c13:link,
.c13:visited {
  -webkit-text-decoration: none;
  text-decoration: none;
  color: #fff;
}

.c13:not([disabled]):hover,
.c13:not([disabled]):active,
.c13:not([disabled]):focus {
  opacity: 1;
  -webkit-transform: translateY(-2px);
  -ms-transform: translateY(-2px);
  transform: translateY(-2px);
  background: #f99593;
  border-color: #f99593;
}

.c13[disabled] {
  background-color: #e4e8ef;
  border-color: #e4e8ef;
  color: #9298af;
  box-shadow: none;
  cursor: not-allowed;
}

.c6 {
  margin: 0;
  padding: 0;
  list-style-type: none;
}

.c2 {
  padding: 2rem 2.4rem;
  color: #3e486e;
  border-radius: 0.6rem;
  background-color: #f2f5fa;
  border: 1px solid #f2f5fa;
  position: absolute;
  top: 0;
  bottom: 0;
  left: 0;
  display: -webkit-box;
  display: -webkit-flex;
  display: -ms-flexbox;
  display: flex;
  -webkit-flex-direction: column;
  -ms-flex-direction: column;
  flex-direction: column;
  width: 28rem;
  padding: 6rem 4rem 4rem 4rem;
}

.c2 > *:first-child {
  margin-top: 0;
}

.c2 > *:last-child {
  margin-bottom: 0;
}

.c3 {
  margin: 2rem 0;
  font-weight: 600;
}

.c5 {
  display: none;
}

.c8 {
  display: -webkit-box;
  display: -webkit-flex;
  display: -ms-flexbox;
  display: flex;
  -webkit-align-items: center;
  -webkit-box-align: center;
  -ms-flex-align: center;
  align-items: center;
  color: #4d73b8;
  font-weight: 600;
  line-height: 1;
  text-align: left;
  -webkit-text-decoration: none;
  text-decoration: none;
  outline: none;
}

.c8 + .c7 {
  margin-top: 1.6rem;
}

.c10 {
  display: -webkit-box;
  display: -webkit-flex;
  display: -ms-flexbox;
  display: flex;
  -webkit-align-items: center;
  -webkit-box-align: center;
  -ms-flex-align: center;
  align-items: center;
  color: #9298af;
  font-weight: 600;
  line-height: 1;
  text-align: left;
  -webkit-text-decoration: none;
  text-decoration: none;
  outline: none;
}

.c10 + .c7 {
  margin-top: 1.6rem;
}

.c9 {
  display: -webkit-inline-box;
  display: -webkit-inline-flex;
  display: -ms-inline-flexbox;
  display: inline-flex;
  -webkit-flex-shrink: 0;
  -ms-flex-negative: 0;
  flex-shrink: 0;
  -webkit-align-items: center;
  -webkit-box-align: center;
  -ms-flex-align: center;
  align-items: center;
  -webkit-box-pack: center;
  -webkit-justify-content: center;
  -ms-flex-pack: center;
  justify-content: center;
  width: 2.8rem;
  height: 2.8rem;
  margin: 0.4rem 1rem;
  margin-left: 0;
  color: #fff;
  background-color: #7994d4;
  border-radius: 49%;
}

.c11 {
  display: -webkit-inline-box;
  display: -webkit-inline-flex;
  display: -ms-inline-flexbox;
  display: inline-flex;
  -webkit-flex-shrink: 0;
  -ms-flex-negative: 0;
  flex-shrink: 0;
  -webkit-align-items: center;
  -webkit-box-align: center;
  -ms-flex-align: center;
  align-items: center;
  -webkit-box-pack: center;
  -webkit-justify-content: center;
  -ms-flex-pack: center;
  justify-content: center;
  width: 2.8rem;
  height: 2.8rem;
  margin: 0.4rem 1rem;
  margin-left: 0;
  color: #9298af;
  background-color: #e4e8ef;
  border-radius: 49%;
}

.c12 {
  display: -webkit-box;
  display: -webkit-flex;
  display: -ms-flexbox;
  display: flex;
  -webkit-flex-direction: row-reverse;
  -ms-flex-direction: row-reverse;
  flex-direction: row-reverse;
  -webkit-align-items: center;
  -webkit-box-align: center;
  -ms-flex-align: center;
  align-items: center;
  -webkit-box-pack: justify;
  -webkit-justify-content: space-between;
  -ms-flex-pack: justify;
  justify-content: space-between;
  margin: 5rem 0 3.2rem 0;
}

.c16 {
  width: 3rem;
  margin-left: 1rem;
}

.c0 {
  padding: 0 0 0 28rem;
  overflow: visible;
}

.c1 {
  display: -webkit-box;
  display: -webkit-flex;
  display: -ms-flexbox;
  display: flex;
  -webkit-align-items: center;
  -webkit-box-align: center;
  -ms-flex-align: center;
  align-items: center;
  margin-bottom: 4rem;
  padding-bottom: 1.6rem;
  border-bottom: 1px solid #bbcadf;
}

@media (max-width:600px) {
  .c13 {
    font-size: 1.4rem;
  }
}

@media (max-width:600px) {
  .c13 {
    padding: 0 3rem;
  }
}

@media (max-width:600px) {
  .c2 {
    padding: 1.6rem 1rem;
  }
}

@media print {
  .c2 {
    padding: 0 5pt;
    border: none;
  }
}

@media (max-width:980px) {
  .c2 {
    position: relative;
    -webkit-flex-direction: row-reverse;
    -ms-flex-direction: row-reverse;
    flex-direction: row-reverse;
    -webkit-align-items: center;
    -webkit-box-align: center;
    -ms-flex-align: center;
    align-items: center;
    -webkit-box-pack: justify;
    -webkit-justify-content: space-between;
    -ms-flex-pack: justify;
    justify-content: space-between;
    width: 100%;
    margin: 0;
    padding: 1.6rem 1rem;
  }
}

@media print {
  .c2 {
    display: none;
  }
}

@media (max-width:980px) {
  .c3 {
    margin: 0;
  }
}

@media (max-width:980px) {
  .c4 {
    display: none;
  }
}

@media (max-width:980px) {
  .c5 {
    display: inline-block;
  }
}

@media (max-width:980px) {
  .c8 {
    display: -webkit-box;
    display: -webkit-flex;
    display: -ms-flexbox;
    display: flex;
  }

  .c8 + .c7 {
    margin-top: 0;
  }
}

@media (max-width:980px) {
  .c10 {
    display: none;
  }

  .c10 + .c7 {
    margin-top: 0;
  }
}

@media (max-width:980px) {
  .c15 + .c14 {
    margin-top: 1.6rem;
  }
}

@media (max-width:980px) {
  .c12 {
    -webkit-flex-flow: column;
    -ms-flex-flow: column;
    flex-flow: column;
    -webkit-align-items: stretch;
    -webkit-box-align: stretch;
    -ms-flex-align: stretch;
    align-items: stretch;
  }
}

@media print {
  .c12 {
    display: none;
  }
}

@media (max-width:980px) {
  .c0 {
    padding: 0;
  }
}

@media print {
  .c0 {
    border: 0;
  }
}

@media (max-width:980px) {
  .c1 {
    padding: 1.6rem 0 1rem 0;
    border-bottom: 0;
  }
}

<div>
  <form
    class="c0"
  >
    <h1
      class="c1"
    >
      Heures pour recherche d'emploi
    </h1>
    <div
      class="sc-AxgMl c2"
    >
      <span
        class="c3"
      >
        Étape
        <span
          class="c4"
        >
          s
        </span>
        <span
          class="c5"
        >
           
          1/4
        </span>
      </span>
      <ul
        class="c6"
      >
        <li
          aria-live="polite"
          class="c7 c8"
          tabindex="-1"
        >
          <span
            class="c9"
          >
            1
          </span>
          Introduction
        </li>
        <li
          class="c7 c10"
        >
          <span
            class="c11"
          >
            2
          </span>
          Convention collective
        </li>
        <li
          class="c7 c10"
        >
          <span
            class="c11"
          >
            3
          </span>
          Informations
        </li>
        <li
          class="c7 c10"
        >
          <span
            class="c11"
          >
            4
          </span>
          Durée du préavis
        </li>
      </ul>
    </div>
    <p>
      Ce simulateur vous permet de savoir si le salarié peut bénéficier d’heures pour rechercher un emploi pendant son préavis.
    </p>
    <p>
      Le code du travail ne prévoit pas ce droit, sauf cas particuliers. En revanche, la majorité des conventions collectives fixe un nombre d’heures d’absences pour rechercher un emploi et les modalités d’utilisation.
    </p>
    <p>
      Afin de réaliser cette simulation, vous aurez besoin d’informations concernant la situation du salarié concerné, comme sa convention collective, sa catégorie, son ancienneté. La plupart de ces informations se trouvent sur le contrat de travail ou le bulletin de salaire. Prévoyez deux à cinq minutes pour cette simulation.
    </p>
    <p>
      Cliquez sur suivant pour commencer la simulation.
    </p>
    <div
      class="c12"
    >
      <button
        class="c13 c14 c15"
      >
        Suivant
        <svg
          class="c16"
          fill="none"
          viewBox="0 0 28 15"
        >
          <path
            d="M27.875 7.153l-6-6.284a.526.526 0 00-.711-.023.496.496 0 00-.024.688l5.204 5.468H.5c-.276 0-.5.217-.5.484s.224.483.5.483h25.844l-5.204 5.469a.493.493 0 00.024.687.52.52 0 00.711-.023l6-6.284a.506.506 0 000-.665z"
            fill="currentColor"
          />
        </svg>
      </button>
    </div>
  </form>
</div>
`;
