// Jest Snapshot v1, https://goo.gl/fbAQLP

exports[`<Article /> should render 1`] = `
.c0 {
  max-width: 124rem;
  margin: 0 auto;
  padding: 0 2rem;
}

.c1 {
  padding: 2rem 2.4rem;
  color: #3e486e;
  border-radius: 0.6rem;
  position: relative;
  padding: 4rem;
  background-color: #fff;
}

.c1:before {
  position: absolute;
  top: 0;
  left: 0;
  z-index: -1;
  width: 100%;
  height: 100%;
  max-height: 30rem;
  border: none;
  border-radius: 0.6rem;
  box-shadow: 0 1rem 2rem rgba(121,148,212,0.2);
  content: "";
}

.c1 > *:first-child {
  margin-top: 0;
}

.c1 > *:last-child {
  margin-bottom: 0;
}

.c5 {
  position: absolute;
  background-color: #7994d4;
  border-radius: 0.6rem;
  top: 50%;
  left: 0;
  width: 0.4rem;
  height: 100%;
  -webkit-transform: translateY(-50%);
  -ms-transform: translateY(-50%);
  transform: translateY(-50%);
}

.c2 {
  margin-top: 0;
  margin-bottom: 4rem;
  margin-left: -4rem;
  text-align: left;
}

.c4 {
  position: relative;
  margin: 0;
  color: #2f3b6c;
  font-weight: normal;
  font-size: 3.2rem;
  font-family: "Merriweather",serif;
  line-height: 1.25;
  padding-left: 4rem;
}

.c6 {
  display: -webkit-box;
  display: -webkit-flex;
  display: -ms-flexbox;
  display: flex;
  font-size: 1.4rem;
}

.c3 {
  margin-bottom: 1rem;
  outline: none;
}

.c9 {
  margin: 3.2rem 0 0 0;
}

@media (max-width:600px) {
  .c0 {
    padding: 0 1rem;
  }
}

@media print {
  .c0 {
    max-width: 100%;
    padding: 0;
  }
}

@media (max-width:600px) {
  .c1 {
    padding: 1.6rem 1rem;
  }
}

@media print {
  .c1 {
    padding: 0 5pt;
    border: none;
  }
}

@media (max-width:600px) {
  .c2 {
    margin-bottom: 3.2rem;
    margin-left: -1rem;
  }
}

@media (max-width:600px) {
  .c4 {
    padding-left: 1.6rem;
  }
}

@media (max-width:600px) {
  .c4 {
    font-size: 2.6rem;
  }
}

@media (max-width:600px) {
  .c6 {
    -webkit-flex-flow: column;
    -ms-flex-flow: column;
    flex-flow: column;
    -webkit-align-items: flex-start;
    -webkit-box-align: flex-start;
    -ms-flex-align: flex-start;
    align-items: flex-start;
  }
}

@media (max-width:600px) {
  .c9 {
    margin-top: 1.6rem;
  }
}

@media (max-width:600px) {
  .c8 {
    display: none;
  }
}

@media (max-width:600px) {
  .c7 {
    display: block;
  }
}

<div>
  <div
    class="c0"
  >
    <div
      class="c1"
      data-main-content="true"
    >
      <header
        class="c2 c3"
        data-next-focus-root="true"
        tabindex="-1"
      >
        <h1
          class="c4"
        >
          <div
            class="c5"
          />
          Contrat de travail et formalités d'embauche de l'assistante maternelle
        </h1>
      </header>
      <div
        class="c6"
      >
        <span
          class="c7"
        >
          Source: 
          Fiche service public
        </span>
        <span
          aria-hidden="true"
          class="c8"
        >
           - 
        </span>
        <span
          class="c7"
        >
          Mis à jour le
           : 
          26/07/2018
        </span>
      </div>
      <div
        class="c9"
      >
        this is an Article
      </div>
    </div>
  </div>
</div>
`;
