// Jest Snapshot v1, https://goo.gl/fbAQLP

exports[`<StepList /> should render 1`] = `
.c4 {
  margin: 0;
  padding: 0;
  list-style-type: none;
}

.c0 {
  padding: 2rem 2.4rem;
  color: #3e486e;
  border-radius: 0.6rem;
  background-color: #f2f5fa;
  border: 1px solid #f2f5fa;
  position: absolute;
  top: 0;
  bottom: 0;
  left: 0;
  display: -webkit-box;
  display: -webkit-flex;
  display: -ms-flexbox;
  display: flex;
  -webkit-flex-direction: column;
  -ms-flex-direction: column;
  flex-direction: column;
  width: 28rem;
  padding: 6rem 4rem 4rem 4rem;
}

.c0 > *:first-child {
  margin-top: 0;
}

.c0 > *:last-child {
  margin-bottom: 0;
}

.c1 {
  margin: 2rem 0;
  font-weight: 600;
}

.c3 {
  display: none;
}

.c6 {
  display: -webkit-box;
  display: -webkit-flex;
  display: -ms-flexbox;
  display: flex;
  -webkit-align-items: center;
  -webkit-box-align: center;
  -ms-flex-align: center;
  align-items: center;
  color: #9298af;
  font-weight: 600;
  line-height: 1;
  text-align: left;
  -webkit-text-decoration: none;
  text-decoration: none;
  outline: none;
}

.c6 + .c5 {
  margin-top: 1.6rem;
}

.c8 {
  display: -webkit-box;
  display: -webkit-flex;
  display: -ms-flexbox;
  display: flex;
  -webkit-align-items: center;
  -webkit-box-align: center;
  -ms-flex-align: center;
  align-items: center;
  color: #4d73b8;
  font-weight: 600;
  line-height: 1;
  text-align: left;
  -webkit-text-decoration: none;
  text-decoration: none;
  outline: none;
}

.c8 + .c5 {
  margin-top: 1.6rem;
}

.c7 {
  display: -webkit-inline-box;
  display: -webkit-inline-flex;
  display: -ms-inline-flexbox;
  display: inline-flex;
  -webkit-flex-shrink: 0;
  -ms-flex-negative: 0;
  flex-shrink: 0;
  -webkit-align-items: center;
  -webkit-box-align: center;
  -ms-flex-align: center;
  align-items: center;
  -webkit-box-pack: center;
  -webkit-justify-content: center;
  -ms-flex-pack: center;
  justify-content: center;
  width: 2.8rem;
  height: 2.8rem;
  margin: 0.4rem 1rem;
  margin-left: 0;
  color: #9298af;
  background-color: #e4e8ef;
  border-radius: 49%;
}

.c9 {
  display: -webkit-inline-box;
  display: -webkit-inline-flex;
  display: -ms-inline-flexbox;
  display: inline-flex;
  -webkit-flex-shrink: 0;
  -ms-flex-negative: 0;
  flex-shrink: 0;
  -webkit-align-items: center;
  -webkit-box-align: center;
  -ms-flex-align: center;
  align-items: center;
  -webkit-box-pack: center;
  -webkit-justify-content: center;
  -ms-flex-pack: center;
  justify-content: center;
  width: 2.8rem;
  height: 2.8rem;
  margin: 0.4rem 1rem;
  margin-left: 0;
  color: #fff;
  background-color: #7994d4;
  border-radius: 49%;
}

@media (max-width:600px) {
  .c0 {
    padding: 1.6rem 1rem;
  }
}

@media print {
  .c0 {
    padding: 0 5pt;
    border: none;
  }
}

@media (max-width:980px) {
  .c0 {
    position: relative;
    -webkit-flex-direction: row-reverse;
    -ms-flex-direction: row-reverse;
    flex-direction: row-reverse;
    -webkit-align-items: center;
    -webkit-box-align: center;
    -ms-flex-align: center;
    align-items: center;
    -webkit-box-pack: justify;
    -webkit-justify-content: space-between;
    -ms-flex-pack: justify;
    justify-content: space-between;
    width: 100%;
    margin: 0;
    padding: 1.6rem 1rem;
  }
}

@media print {
  .c0 {
    display: none;
  }
}

@media (max-width:980px) {
  .c1 {
    margin: 0;
  }
}

@media (max-width:980px) {
  .c2 {
    display: none;
  }
}

@media (max-width:980px) {
  .c3 {
    display: inline-block;
  }
}

@media (max-width:980px) {
  .c6 {
    display: none;
  }

  .c6 + .c5 {
    margin-top: 0;
  }
}

@media (max-width:980px) {
  .c8 {
    display: -webkit-box;
    display: -webkit-flex;
    display: -ms-flexbox;
    display: flex;
  }

  .c8 + .c5 {
    margin-top: 0;
  }
}

<div>
  <div
    class="sc-AxgMl c0"
  >
    <span
      class="c1"
    >
      Étape
      <span
        class="c2"
      >
        s
      </span>
      <span
        class="c3"
      >
         
        2/3
      </span>
    </span>
    <ul
      class="c4"
    >
      <li
        class="c5 c6"
      >
        <span
          class="c7"
        >
          1
        </span>
        Step One
      </li>
      <li
        aria-live="polite"
        class="c5 c8"
        tabindex="-1"
      >
        <span
          class="c9"
        >
          2
        </span>
        Step Two
      </li>
      <li
        class="c5 c6"
      >
        <span
          class="c7"
        >
          3
        </span>
        Step Three
      </li>
    </ul>
  </div>
</div>
`;
