// Jest Snapshot v1, https://goo.gl/fbAQLP

exports[`returns article results when searching article R1225-18 1`] = `
Object {
  "articles": Array [
    Object {
      "_score": 20.982391,
      "description": "Le salarié informe son employeur de sa démission, en application de l'article L. 1225-66 , par lettre recommandée avec avis de réception ou remise contre récépissé. Il adresse à l'employeur sa demande de réembauche, en application de l'article L. 1225-67 , par lettre recommandée avec avis de réception ou remise contre récépissé",
      "slug": "r1225-18",
      "source": "code_du_travail",
      "title": "R1225-18",
      "url": "https://www.legifrance.gouv.fr/affichCodeArticle.do;?idArticle=LEGIARTI000018537778&cidTexte=LEGITEXT000006072050",
    },
  ],
  "documents": Array [
    Object {
      "_score": 1.131861,
      "algo": "semantic",
      "breadcrumbs": Array [
        Object {
          "label": "Départ de l'entreprise",
          "slug": "/themes/8-depart-de-lentreprise",
        },
        Object {
          "label": "Démission",
          "slug": "/themes/81-demission",
        },
      ],
      "description": "En cas d’absence prolongée de l’entreprise sans justification valable (par exemple, un arrêt de travail), ou d’absence de reprise du travail après un arrêt de travail, il n’est pas possible pour l’employeur de considérer le salarié comme démissionnaire. Dans ces hypothèses (souvent qualifiées d’abandon de poste), l’employeur doit demander à l’intéressé les raisons de son absence. Si le salarié ne répond pas dans un délai raisonnable, l’employeur peut engager une procédure de licenciement pour absence injustifiée Ainsi, une salariée qui, après une observation, avait quitté son travail et n’avait pas réintégré l’entreprise les jours suivants, n’a pas été considérée par la Cour de cassation comme démissionnaire.",
      "slug": "la-demission#L-absence-prolongee-du-salarie-est-elle-une-demission",
      "source": "fiches_ministere_travail",
      "title": "La démission : l’absence prolongée du salarié est-elle une démission ?",
    },
    Object {
      "_score": 1.1191392,
      "action": "Calculer",
      "algo": "semantic",
      "description": "Calculez la durée de préavis à respecter en cas de démission",
      "slug": "preavis-demission",
      "source": "outils",
      "title": "Préavis de démission",
    },
  ],
  "themes": Array [
    Object {
      "_score": 1.123209,
      "algo": "semantic",
      "slug": "81-demission",
      "source": "themes",
      "title": "Démission",
    },
    Object {
      "_score": 1.1099768,
      "algo": "semantic",
      "slug": "1-embauche-et-contrat-de-travail",
      "source": "themes",
      "title": "Embauche et contrat de travail",
    },
  ],
}
`;

exports[`returns search results for demission from datafiller 1`] = `
Object {
  "articles": Array [
    Object {
      "_score": 0,
      "algo": "pre-qualified",
      "description": "En cas de démission, l'existence et la durée du préavis sont fixées par la loi, ou par convention ou accord collectif de travail. En l'absence de dispositions légales, de convention ou accord collectif de travail relatifs au préavis, son existence et sa durée résultent des usages pratiqués dans la localité et dans la profession. Un décret en Conseil d'Etat détermine les modalités d'application du présent article",
      "slug": "l1237-1",
      "source": "code_du_travail",
      "title": "L1237-1",
      "url": "https://www.legifrance.gouv.fr/affichCodeArticle.do;?idArticle=LEGIARTI000006901174&cidTexte=LEGITEXT000006072050",
    },
    Object {
      "_score": 3.2662835,
      "description": "Le salarié informe son employeur de sa démission, en application de l'article L. 1225-66 , par lettre recommandée avec avis de réception ou remise contre récépissé. Il adresse à l'employeur sa demande de réembauche, en application de l'article L. 1225-67 , par lettre recommandée avec avis de réception ou remise contre récépissé",
      "slug": "r1225-18",
      "source": "code_du_travail",
      "title": "R1225-18",
      "url": "https://www.legifrance.gouv.fr/affichCodeArticle.do;?idArticle=LEGIARTI000018537778&cidTexte=LEGITEXT000006072050",
    },
  ],
  "documents": Array [
    Object {
      "_score": 0,
      "algo": "pre-qualified",
      "breadcrumbs": Array [
        Object {
          "label": "Départ de l'entreprise",
          "slug": "/themes/8-depart-de-lentreprise",
        },
        Object {
          "label": "Démission",
          "slug": "/themes/81-demission",
        },
      ],
      "description": "La démission permet au salarié, à son initiative, de rompre son contrat de travail, sous conditions.",
      "slug": "demission-dun-salarie",
      "source": "fiches_service_public",
      "title": "Démission d'un salarié",
      "url": "https://www.service-public.fr/particuliers/vosdroits/F2883",
    },
    Object {
      "_score": 0,
      "algo": "pre-qualified",
      "breadcrumbs": Array [
        Object {
          "label": "Départ de l'entreprise",
          "slug": "/themes/8-depart-de-lentreprise",
        },
        Object {
          "label": "Démission",
          "slug": "/themes/81-demission",
        },
      ],
      "description": "Le Code du travail ne prévoit aucune forme particulière pour présenter sa démission : elle peut être verbale, écrite ou résulter d’un comportement sans ambiguïté du salarié (ce qui n’est pas le cas, par exemple, de la seule absence du salarié à son poste de travail ou de l’absence de reprise du travail à l’issue des congés payés).",
      "slug": "la-demission#Comment-presenter-une-demission",
      "source": "fiches_ministere_travail",
      "title": "La démission : comment présenter une démission ?",
    },
    Object {
      "_score": 0,
      "algo": "pre-qualified",
      "breadcrumbs": Array [
        Object {
          "label": "Départ de l'entreprise",
          "slug": "/themes/8-depart-de-lentreprise",
        },
        Object {
          "label": "Démission",
          "slug": "/themes/81-demission",
        },
      ],
      "description": "L'assistante maternelle (ou assistant maternel) agréée qui souhaite rompre son contrat de travail doit informer le particulier employeur par écrit et respecter un préavis. À la fin de celui-ci, l'employeur remet les documents de fin de contrat.",
      "slug": "demission-dune-assistante-maternelle",
      "source": "fiches_service_public",
      "title": "Démission d'une assistante maternelle",
      "url": "https://www.service-public.fr/particuliers/vosdroits/F33164",
    },
  ],
  "themes": Array [
    Object {
      "_score": 0.8025915,
      "algo": "fulltext",
      "slug": "81-demission",
      "source": "themes",
      "title": "Démission",
    },
    Object {
      "_score": 1.1099768,
      "algo": "semantic",
      "slug": "1-embauche-et-contrat-de-travail",
      "source": "themes",
      "title": "Embauche et contrat de travail",
    },
  ],
}
`;

exports[`returns search results for demission from elastic 1`] = `
Object {
  "articles": Array [
    Object {
      "_score": 3.2662835,
      "description": "Le salarié informe son employeur de sa démission, en application de l'article L. 1225-66 , par lettre recommandée avec avis de réception ou remise contre récépissé. Il adresse à l'employeur sa demande de réembauche, en application de l'article L. 1225-67 , par lettre recommandée avec avis de réception ou remise contre récépissé",
      "slug": "r1225-18",
      "source": "code_du_travail",
      "title": "R1225-18",
      "url": "https://www.legifrance.gouv.fr/affichCodeArticle.do;?idArticle=LEGIARTI000018537778&cidTexte=LEGITEXT000006072050",
    },
    Object {
      "_score": 3.1637192,
      "description": "En cas de démission, l'existence et la durée du préavis sont fixées par la loi, ou par convention ou accord collectif de travail. En l'absence de dispositions légales, de convention ou accord collectif de travail relatifs au préavis, son existence et sa durée résultent des usages pratiqués dans la localité et dans la profession. Un décret en Conseil d'Etat détermine les modalités d'application du présent article",
      "slug": "l1237-1",
      "source": "code_du_travail",
      "title": "L1237-1",
      "url": "https://www.legifrance.gouv.fr/affichCodeArticle.do;?idArticle=LEGIARTI000006901174&cidTexte=LEGITEXT000006072050",
    },
  ],
  "documents": Array [
    Object {
      "_score": 8.825487,
      "algo": "fulltext",
      "breadcrumbs": Array [
        Object {
          "label": "Départ de l'entreprise",
          "slug": "/themes/8-depart-de-lentreprise",
        },
        Object {
          "label": "Démission",
          "slug": "/themes/81-demission",
        },
      ],
      "description": "La démission permet au salarié, à son initiative, de rompre son contrat de travail, sous conditions.",
      "slug": "demission-dun-salarie",
      "source": "fiches_service_public",
      "title": "Démission d'un salarié",
      "url": "https://www.service-public.fr/particuliers/vosdroits/F2883",
    },
    Object {
      "_score": 1.131861,
      "algo": "both",
      "breadcrumbs": Array [
        Object {
          "label": "Départ de l'entreprise",
          "slug": "/themes/8-depart-de-lentreprise",
        },
        Object {
          "label": "Démission",
          "slug": "/themes/81-demission",
        },
      ],
      "description": "En cas d’absence prolongée de l’entreprise sans justification valable (par exemple, un arrêt de travail), ou d’absence de reprise du travail après un arrêt de travail, il n’est pas possible pour l’employeur de considérer le salarié comme démissionnaire. Dans ces hypothèses (souvent qualifiées d’abandon de poste), l’employeur doit demander à l’intéressé les raisons de son absence. Si le salarié ne répond pas dans un délai raisonnable, l’employeur peut engager une procédure de licenciement pour absence injustifiée Ainsi, une salariée qui, après une observation, avait quitté son travail et n’avait pas réintégré l’entreprise les jours suivants, n’a pas été considérée par la Cour de cassation comme démissionnaire.",
      "slug": "la-demission#L-absence-prolongee-du-salarie-est-elle-une-demission",
      "source": "fiches_ministere_travail",
      "title": "La démission : l’absence prolongée du salarié est-elle une démission ?",
    },
    Object {
      "_score": 8.572784,
      "action": "Calculer",
      "algo": "both",
      "description": "Calculez la durée de préavis à respecter en cas de démission",
      "slug": "preavis-demission",
      "source": "outils",
      "title": "Préavis de démission",
    },
    Object {
      "_score": 8.245559,
      "algo": "fulltext",
      "breadcrumbs": Array [
        Object {
          "label": "Départ de l'entreprise",
          "slug": "/themes/8-depart-de-lentreprise",
        },
        Object {
          "label": "Démission",
          "slug": "/themes/81-demission",
        },
      ],
      "description": "Le Code du travail ne prévoit aucune forme particulière pour présenter sa démission : elle peut être verbale, écrite ou résulter d’un comportement sans ambiguïté du salarié (ce qui n’est pas le cas, par exemple, de la seule absence du salarié à son poste de travail ou de l’absence de reprise du travail à l’issue des congés payés).",
      "slug": "la-demission#Comment-presenter-une-demission",
      "source": "fiches_ministere_travail",
      "title": "La démission : comment présenter une démission ?",
    },
    Object {
      "_score": 7.8831816,
      "algo": "fulltext",
      "breadcrumbs": Array [
        Object {
          "label": "Départ de l'entreprise",
          "slug": "/themes/8-depart-de-lentreprise",
        },
        Object {
          "label": "Démission",
          "slug": "/themes/81-demission",
        },
      ],
      "description": "L'assistante maternelle (ou assistant maternel) agréée qui souhaite rompre son contrat de travail doit informer le particulier employeur par écrit et respecter un préavis. À la fin de celui-ci, l'employeur remet les documents de fin de contrat.",
      "slug": "demission-dune-assistante-maternelle",
      "source": "fiches_service_public",
      "title": "Démission d'une assistante maternelle",
      "url": "https://www.service-public.fr/particuliers/vosdroits/F33164",
    },
  ],
  "themes": Array [
    Object {
      "_score": 0.8025915,
      "algo": "fulltext",
      "slug": "81-demission",
      "source": "themes",
      "title": "Démission",
    },
    Object {
      "_score": 1.1099768,
      "algo": "semantic",
      "slug": "1-embauche-et-contrat-de-travail",
      "source": "themes",
      "title": "Embauche et contrat de travail",
    },
  ],
}
`;
